<!doctype html>
<img src="images/prefix_test_suffix.png">
