<!doctype html>
<img src="images/prefix_test_suffix.png">
<img src="images/exclude.png" class="exclude">
